# example example example

example example example example example example example example example example
example example example example example example-example example example.


## example example

example example example example example, example example, example example,
example example, example example example example example example example
(https://example.com/example).


## example example

1. example example example
   • example example example
   • example example example
2. example example example
   • example example example

• example example example
  1. example example example example
  2. example example example example
• example example example
  1. example example example example


## example example

    func example() {
      return
    }


## example, example, example example

> example example example example example example example.
>
> example example example example example example example.

────────────────────────────────────────────────────────────────────────────────

> [!example]
> example example
>
> example example-example example example example example example. example
> example example example example example example example example example.


## example

┌──────────┬───────────────────────┬──────────────────┬────────────────────────┐
│ example  │ example               │ example          │ example                │
├──────────┼───────────────────────┼──────────────────┼────────────────────────┤
│ example  │ **example**           │ example          │ example example        │
├──────────┼───────────────────────┼──────────────────┼────────────────────────┤
│ example  │ example example       │ example          │ example example        │
│          │ example               │                  │ example example        │
├──────────┼───────────────────────┼──────────────────┼────────────────────────┤
│ example  │ example example       │ example-example  │ example example        │
├──────────┼───────────────────────┼──────────────────┼────────────────────────┤
│ example  │ [attachment: example- │ example          │ example example        │
│          │ file.png]             │                  │ example example        │
└──────────┴───────────────────────┴──────────────────┴────────────────────────┘

example:

[external media: example-file.png]

example: :example: 🚀

example: <example example="example-example-example">example example,
example</example>

<example>
<example><example>example example example</example></example>

example example example example example example example example example example.

• example example example example example.
• example example example example example example.

</example>

example example: example example (https://example.com/example) (example example
example example example example example example example example)


## example example example

example example:

[attachment: example-file.png]

[attachment: example-media-id]
